Component: ARM Compiler 5.05 update 2 (build 169) Tool: armlink [4d0f33]

==============================================================================

Section Cross References

    startup_stm32f10x_hd.o(RESET) refers to startup_stm32f10x_hd.o(STACK) for __initial_sp
    startup_stm32f10x_hd.o(RESET) refers to startup_stm32f10x_hd.o(.text) for Reset_Handler
    startup_stm32f10x_hd.o(RESET) refers to stm32f10x_it.o(.text) for NMI_Handler
    startup_stm32f10x_hd.o(RESET) refers to usart3.o(.text) for DMA1_Channel2_IRQHandler
    startup_stm32f10x_hd.o(RESET) refers to usart1.o(.text) for DMA1_Channel4_IRQHandler
    startup_stm32f10x_hd.o(RESET) refers to usart2.o(.text) for DMA1_Channel7_IRQHandler
    startup_stm32f10x_hd.o(RESET) refers to time_2.o(.text) for TIM2_IRQHandler
    startup_stm32f10x_hd.o(.text) refers to system_stm32f10x.o(.text) for SystemInit
    startup_stm32f10x_hd.o(.text) refers to entry.o(.ARM.Collect$$$$00000000) for __main
    system_stm32f10x.o(.text) refers to system_stm32f10x.o(.data) for SystemCoreClock
    stm32f10x_adc.o(.text) refers to stm32f10x_rcc.o(.text) for RCC_APB2PeriphResetCmd
    stm32f10x_bkp.o(.text) refers to stm32f10x_rcc.o(.text) for RCC_BackupResetCmd
    stm32f10x_can.o(.text) refers to stm32f10x_rcc.o(.text) for RCC_APB1PeriphResetCmd
    stm32f10x_cec.o(.text) refers to stm32f10x_rcc.o(.text) for RCC_APB1PeriphResetCmd
    stm32f10x_dac.o(.text) refers to stm32f10x_rcc.o(.text) for RCC_APB1PeriphResetCmd
    stm32f10x_gpio.o(.text) refers to stm32f10x_rcc.o(.text) for RCC_APB2PeriphResetCmd
    stm32f10x_i2c.o(.text) refers to stm32f10x_rcc.o(.text) for RCC_APB1PeriphResetCmd
    stm32f10x_pwr.o(.text) refers to stm32f10x_rcc.o(.text) for RCC_APB1PeriphResetCmd
    stm32f10x_rcc.o(.text) refers to stm32f10x_rcc.o(.data) for APBAHBPrescTable
    stm32f10x_spi.o(.text) refers to stm32f10x_rcc.o(.text) for RCC_APB2PeriphResetCmd
    stm32f10x_tim.o(.text) refers to stm32f10x_rcc.o(.text) for RCC_APB2PeriphResetCmd
    stm32f10x_usart.o(.text) refers to stm32f10x_rcc.o(.text) for RCC_APB2PeriphResetCmd
    stm32f10x_wwdg.o(.text) refers to stm32f10x_rcc.o(.text) for RCC_APB1PeriphResetCmd
    main.o(.text) refers to delay.o(.text) for delay_init
    main.o(.text) refers to misc.o(.text) for NVIC_PriorityGroupConfig
    main.o(.text) refers to time_2.o(.text) for TIM2_Configuration
    main.o(.text) refers to usart1.o(.text) for USART1_Config
    main.o(.text) refers to usart2.o(.text) for USART2_Config
    main.o(.text) refers to usart3.o(.text) for USART3_Config
    main.o(.text) refers to simpledigitalfiltering.o(.text) for Set_Cutoff_Frequency
    main.o(.text) refers to memcpya.o(.text) for __aeabi_memcpy
    main.o(.text) refers to simpledigitalfiltering.o(.bss) for US100_Parameter
    main.o(.text) refers to usart3.o(.data) for RaspberryLen
    main.o(.text) refers to usart3.o(.bss) for RaspberryBuff
    main.o(.text) refers to main.o(.data) for Mode_Select
    main.o(.text) refers to usart2.o(.bss) for Usart2SendBuff
    main.o(.text) refers to time_2.o(.data) for SendToFlightFreqflag
    main.o(.text) refers to usart2.o(.data) for PcFinish
    simpledigitalfiltering.o(.text) refers to fadd.o(.text) for __aeabi_fadd
    simpledigitalfiltering.o(.text) refers to ffltui.o(.text) for __aeabi_ui2f
    simpledigitalfiltering.o(.text) refers to fdiv.o(.text) for __aeabi_fdiv
    simpledigitalfiltering.o(.text) refers to fflti.o(.text) for __aeabi_i2f
    simpledigitalfiltering.o(.text) refers to cfrcmple.o(.text) for __aeabi_cfrcmple
    simpledigitalfiltering.o(.text) refers to cfcmple.o(.text) for __aeabi_cfcmple
    simpledigitalfiltering.o(.text) refers to tanf.o(i.tanf) for tanf
    simpledigitalfiltering.o(.text) refers to fmul.o(.text) for __aeabi_fmul
    simpledigitalfiltering.o(.text) refers to cosf.o(i.cosf) for cosf
    delay.o(.text) refers to delay.o(.data) for fac_us
    time_2.o(.text) refers to stm32f10x_rcc.o(.text) for RCC_APB1PeriphClockCmd
    time_2.o(.text) refers to misc.o(.text) for NVIC_Init
    time_2.o(.text) refers to stm32f10x_tim.o(.text) for TIM_DeInit
    time_2.o(.text) refers to time_2.o(.data) for SendToFlightFreq
    usart1.o(.text) refers to stm32f10x_rcc.o(.text) for RCC_APB2PeriphClockCmd
    usart1.o(.text) refers to stm32f10x_gpio.o(.text) for GPIO_Init
    usart1.o(.text) refers to misc.o(.text) for NVIC_Init
    usart1.o(.text) refers to stm32f10x_usart.o(.text) for USART_ITConfig
    usart1.o(.text) refers to stm32f10x_dma.o(.text) for DMA_DeInit
    usart1.o(.text) refers to memcpya.o(.text) for __aeabi_memcpy
    usart1.o(.text) refers to ffltui.o(.text) for __aeabi_ui2f
    usart1.o(.text) refers to cfrcmple.o(.text) for __aeabi_cfrcmple
    usart1.o(.text) refers to simpledigitalfiltering.o(.text) for Median_Filter
    usart1.o(.text) refers to fdiv.o(.text) for __aeabi_fdiv
    usart1.o(.text) refers to usart1.o(.bss) for Usart1RecBuff
    usart1.o(.text) refers to usart1.o(.data) for US100buf
    usart1.o(.text) refers to main.o(.bss) for Sensor_Info
    usart2.o(.text) refers to stm32f10x_rcc.o(.text) for RCC_APB2PeriphClockCmd
    usart2.o(.text) refers to stm32f10x_gpio.o(.text) for GPIO_Init
    usart2.o(.text) refers to misc.o(.text) for NVIC_Init
    usart2.o(.text) refers to stm32f10x_usart.o(.text) for USART_ITConfig
    usart2.o(.text) refers to stm32f10x_dma.o(.text) for DMA_DeInit
    usart2.o(.text) refers to memcpya.o(.text) for __aeabi_memcpy
    usart2.o(.text) refers to usart2.o(.bss) for Usart2RecBuff
    usart2.o(.text) refers to usart2.o(.data) for PcLen
    usart2.o(.text) refers to main.o(.bss) for Sensor_Info
    usart3.o(.text) refers to stm32f10x_rcc.o(.text) for RCC_APB2PeriphClockCmd
    usart3.o(.text) refers to stm32f10x_gpio.o(.text) for GPIO_Init
    usart3.o(.text) refers to misc.o(.text) for NVIC_Init
    usart3.o(.text) refers to stm32f10x_usart.o(.text) for USART_ITConfig
    usart3.o(.text) refers to stm32f10x_dma.o(.text) for DMA_DeInit
    usart3.o(.text) refers to memcpya.o(.text) for __aeabi_memcpy
    usart3.o(.text) refers to usart2.o(.text) for IntegrationData
    usart3.o(.text) refers to usart3.o(.bss) for Usart3RecBuff
    usart3.o(.text) refers to usart3.o(.data) for RaspberryLen
    usart3.o(.text) refers to main.o(.data) for Mode_Select
    usart3.o(.text) refers to time_2.o(.data) for RaspberryFreqflag
    cosf.o(i.__softfp_cosf) refers (Special) to iusefp.o(.text) for __I$use$fp
    cosf.o(i.__softfp_cosf) refers to cosf.o(i.cosf) for cosf
    cosf.o(i.cosf) refers (Special) to iusefp.o(.text) for __I$use$fp
    cosf.o(i.cosf) refers to fmul.o(.text) for __aeabi_fmul
    cosf.o(i.cosf) refers to frnd.o(.text) for _frnd
    cosf.o(i.cosf) refers to ffixi.o(.text) for __aeabi_f2iz
    cosf.o(i.cosf) refers to fadd.o(.text) for __aeabi_frsub
    cosf.o(i.cosf) refers to rredf.o(i.__mathlib_rredf2) for __mathlib_rredf2
    cosf.o(i.cosf) refers to errno.o(i.__set_errno) for __set_errno
    cosf.o(i.cosf) refers to funder.o(i.__mathlib_flt_invalid) for __mathlib_flt_invalid
    cosf.o(i.cosf) refers to funder.o(i.__mathlib_flt_infnan) for __mathlib_flt_infnan
    cosf_x.o(i.____softfp_cosf$lsc) refers (Special) to iusefp.o(.text) for __I$use$fp
    cosf_x.o(i.____softfp_cosf$lsc) refers to cosf_x.o(i.__cosf$lsc) for __cosf$lsc
    cosf_x.o(i.__cosf$lsc) refers (Special) to iusefp.o(.text) for __I$use$fp
    cosf_x.o(i.__cosf$lsc) refers to fmul.o(.text) for __aeabi_fmul
    cosf_x.o(i.__cosf$lsc) refers to frnd.o(.text) for _frnd
    cosf_x.o(i.__cosf$lsc) refers to ffixi.o(.text) for __aeabi_f2iz
    cosf_x.o(i.__cosf$lsc) refers to fadd.o(.text) for __aeabi_frsub
    cosf_x.o(i.__cosf$lsc) refers to rredf.o(i.__mathlib_rredf2) for __mathlib_rredf2
    cosf_x.o(i.__cosf$lsc) refers to errno.o(i.__set_errno) for __set_errno
    cosf_x.o(i.__cosf$lsc) refers to funder.o(i.__mathlib_flt_infnan) for __mathlib_flt_infnan
    tanf.o(i.__softfp_tanf) refers (Special) to iusefp.o(.text) for __I$use$fp
    tanf.o(i.__softfp_tanf) refers to tanf.o(i.tanf) for tanf
    tanf.o(i.tanf) refers (Special) to iusefp.o(.text) for __I$use$fp
    tanf.o(i.tanf) refers to fmul.o(.text) for __aeabi_fmul
    tanf.o(i.tanf) refers to frnd.o(.text) for _frnd
    tanf.o(i.tanf) refers to ffixi.o(.text) for __aeabi_f2iz
    tanf.o(i.tanf) refers to fadd.o(.text) for __aeabi_frsub
    tanf.o(i.tanf) refers to fdiv.o(.text) for __aeabi_fdiv
    tanf.o(i.tanf) refers to rredf.o(i.__mathlib_rredf2) for __mathlib_rredf2
    tanf.o(i.tanf) refers to fpclassifyf.o(i.__ARM_fpclassifyf) for __ARM_fpclassifyf
    tanf.o(i.tanf) refers to funder.o(i.__mathlib_flt_underflow) for __mathlib_flt_underflow
    tanf.o(i.tanf) refers to errno.o(i.__set_errno) for __set_errno
    tanf.o(i.tanf) refers to funder.o(i.__mathlib_flt_invalid) for __mathlib_flt_invalid
    tanf.o(i.tanf) refers to funder.o(i.__mathlib_flt_infnan) for __mathlib_flt_infnan
    tanf_x.o(i.____softfp_tanf$lsc) refers (Special) to iusefp.o(.text) for __I$use$fp
    tanf_x.o(i.____softfp_tanf$lsc) refers to tanf_x.o(i.__tanf$lsc) for __tanf$lsc
    tanf_x.o(i.__tanf$lsc) refers (Special) to iusefp.o(.text) for __I$use$fp
    tanf_x.o(i.__tanf$lsc) refers to fmul.o(.text) for __aeabi_fmul
    tanf_x.o(i.__tanf$lsc) refers to frnd.o(.text) for _frnd
    tanf_x.o(i.__tanf$lsc) refers to ffixi.o(.text) for __aeabi_f2iz
    tanf_x.o(i.__tanf$lsc) refers to fadd.o(.text) for __aeabi_frsub
    tanf_x.o(i.__tanf$lsc) refers to fdiv.o(.text) for __aeabi_fdiv
    tanf_x.o(i.__tanf$lsc) refers to rredf.o(i.__mathlib_rredf2) for __mathlib_rredf2
    tanf_x.o(i.__tanf$lsc) refers to errno.o(i.__set_errno) for __set_errno
    tanf_x.o(i.__tanf$lsc) refers to funder.o(i.__mathlib_flt_infnan) for __mathlib_flt_infnan
    entry.o(.ARM.Collect$$$$00000000) refers (Special) to entry10a.o(.ARM.Collect$$$$0000000D) for __rt_final_cpp
    entry.o(.ARM.Collect$$$$00000000) refers (Special) to entry11a.o(.ARM.Collect$$$$0000000F) for __rt_final_exit
    entry.o(.ARM.Collect$$$$00000000) refers (Special) to entry7b.o(.ARM.Collect$$$$00000008) for _main_clock
    entry.o(.ARM.Collect$$$$00000000) refers (Special) to entry8b.o(.ARM.Collect$$$$0000000A) for _main_cpp_init
    entry.o(.ARM.Collect$$$$00000000) refers (Special) to entry9a.o(.ARM.Collect$$$$0000000B) for _main_init
    entry.o(.ARM.Collect$$$$00000000) refers (Special) to entry5.o(.ARM.Collect$$$$00000004) for _main_scatterload
    entry.o(.ARM.Collect$$$$00000000) refers (Special) to entry2.o(.ARM.Collect$$$$00000001) for _main_stk
    fadd.o(.text) refers (Special) to iusefp.o(.text) for __I$use$fp
    fadd.o(.text) refers to fepilogue.o(.text) for _float_epilogue
    fmul.o(.text) refers (Special) to iusefp.o(.text) for __I$use$fp
    fdiv.o(.text) refers (Special) to iusefp.o(.text) for __I$use$fp
    fdiv.o(.text) refers to fepilogue.o(.text) for _float_round
    fflti.o(.text) refers (Special) to iusefp.o(.text) for __I$use$fp
    fflti.o(.text) refers to fepilogue.o(.text) for _float_epilogue
    ffltui.o(.text) refers (Special) to iusefp.o(.text) for __I$use$fp
    ffltui.o(.text) refers to fepilogue.o(.text) for _float_epilogue
    cfcmple.o(.text) refers (Special) to iusefp.o(.text) for __I$use$fp
    cfrcmple.o(.text) refers (Special) to iusefp.o(.text) for __I$use$fp
    fpclassifyf.o(i.__ARM_fpclassifyf) refers (Special) to iusefp.o(.text) for __I$use$fp
    funder.o(i.__mathlib_flt_divzero) refers to fdiv.o(.text) for __aeabi_fdiv
    funder.o(i.__mathlib_flt_infnan) refers to fscalb.o(.text) for __ARM_scalbnf
    funder.o(i.__mathlib_flt_infnan2) refers to fadd.o(.text) for __aeabi_fadd
    funder.o(i.__mathlib_flt_invalid) refers to fdiv.o(.text) for __aeabi_fdiv
    funder.o(i.__mathlib_flt_overflow) refers to fscalb.o(.text) for __ARM_scalbnf
    funder.o(i.__mathlib_flt_posinfnan) refers to fmul.o(.text) for __aeabi_fmul
    funder.o(i.__mathlib_flt_underflow) refers to fscalb.o(.text) for __ARM_scalbnf
    rredf.o(i.__mathlib_rredf2) refers (Special) to iusefp.o(.text) for __I$use$fp
    rredf.o(i.__mathlib_rredf2) refers to fflti.o(.text) for __aeabi_i2f
    rredf.o(i.__mathlib_rredf2) refers to ffltui.o(.text) for __aeabi_ui2f
    rredf.o(i.__mathlib_rredf2) refers to fscalb.o(.text) for __ARM_scalbnf
    rredf.o(i.__mathlib_rredf2) refers to fadd.o(.text) for __aeabi_fadd
    rredf.o(i.__mathlib_rredf2) refers to fmul.o(.text) for __aeabi_fmul
    rredf.o(i.__mathlib_rredf2) refers to rredf.o(.constdata) for .constdata
    rredf.o(.constdata) refers (Special) to iusefp.o(.text) for __I$use$fp
    entry2.o(.ARM.Collect$$$$00000001) refers to entry2.o(.ARM.Collect$$$$00002712) for __lit__00000000
    entry2.o(.ARM.Collect$$$$00002712) refers to startup_stm32f10x_hd.o(STACK) for __initial_sp
    entry2.o(__vectab_stack_and_reset_area) refers to startup_stm32f10x_hd.o(STACK) for __initial_sp
    entry2.o(__vectab_stack_and_reset_area) refers to entry.o(.ARM.Collect$$$$00000000) for __main
    entry5.o(.ARM.Collect$$$$00000004) refers to init.o(.text) for __scatterload
    entry9a.o(.ARM.Collect$$$$0000000B) refers to main.o(.text) for main
    entry9b.o(.ARM.Collect$$$$0000000C) refers to main.o(.text) for main
    errno.o(i.__aeabi_errno_addr) refers to errno.o(.data) for .data
    errno.o(i.__read_errno) refers to errno.o(.data) for .data
    errno.o(i.__set_errno) refers to errno.o(.data) for .data
    frnd.o(.text) refers to fepilogue.o(.text) for _float_round
    init.o(.text) refers to entry5.o(.ARM.Collect$$$$00000004) for __main_after_scatterload


==============================================================================

Removing Unused input sections from the image.

    Removing startup_stm32f10x_hd.o(HEAP), (512 bytes).
    Removing core_cm3.o(.emb_text), (32 bytes).
    Removing stm32f10x_adc.o(.text), (1102 bytes).
    Removing stm32f10x_bkp.o(.text), (196 bytes).
    Removing stm32f10x_can.o(.text), (2544 bytes).
    Removing stm32f10x_cec.o(.text), (288 bytes).
    Removing stm32f10x_crc.o(.text), (72 bytes).
    Removing stm32f10x_dac.o(.text), (396 bytes).
    Removing stm32f10x_dbgmcu.o(.text), (48 bytes).
    Removing stm32f10x_exti.o(.text), (284 bytes).
    Removing stm32f10x_flash.o(.text), (1468 bytes).
    Removing stm32f10x_fsmc.o(.text), (1548 bytes).
    Removing stm32f10x_i2c.o(.text), (1028 bytes).
    Removing stm32f10x_iwdg.o(.text), (64 bytes).
    Removing stm32f10x_pwr.o(.text), (204 bytes).
    Removing stm32f10x_rtc.o(.text), (328 bytes).
    Removing stm32f10x_sdio.o(.text), (468 bytes).
    Removing stm32f10x_spi.o(.text), (780 bytes).
    Removing stm32f10x_wwdg.o(.text), (136 bytes).

19 unused section(s) (total 11498 bytes) removed from the image.

==============================================================================

Image Symbol Table

    Local Symbols

    Symbol Name                              Value     Ov Type        Size  Object(Section)

    ../clib/microlib/errno.c                 0x00000000   Number         0  errno.o ABSOLUTE
    ../clib/microlib/init/entry.s            0x00000000   Number         0  entry10b.o ABSOLUTE
    ../clib/microlib/init/entry.s            0x00000000   Number         0  entry7b.o ABSOLUTE
    ../clib/microlib/init/entry.s            0x00000000   Number         0  entry8b.o ABSOLUTE
    ../clib/microlib/init/entry.s            0x00000000   Number         0  entry11b.o ABSOLUTE
    ../clib/microlib/init/entry.s            0x00000000   Number         0  entry8a.o ABSOLUTE
    ../clib/microlib/init/entry.s            0x00000000   Number         0  entry11a.o ABSOLUTE
    ../clib/microlib/init/entry.s            0x00000000   Number         0  entry7a.o ABSOLUTE
    ../clib/microlib/init/entry.s            0x00000000   Number         0  entry9b.o ABSOLUTE
    ../clib/microlib/init/entry.s            0x00000000   Number         0  entry5.o ABSOLUTE
    ../clib/microlib/init/entry.s            0x00000000   Number         0  entry2.o ABSOLUTE
    ../clib/microlib/init/entry.s            0x00000000   Number         0  entry10a.o ABSOLUTE
    ../clib/microlib/init/entry.s            0x00000000   Number         0  entry9a.o ABSOLUTE
    ../clib/microlib/init/entry.s            0x00000000   Number         0  entry.o ABSOLUTE
    ../clib/microlib/string/memcpy.c         0x00000000   Number         0  memcpyb.o ABSOLUTE
    ../clib/microlib/string/memcpy.c         0x00000000   Number         0  memcpya.o ABSOLUTE
    ../clib/microlib/stubs.s                 0x00000000   Number         0  iusefp.o ABSOLUTE
    ../fplib/microlib/fpadd.c                0x00000000   Number         0  fadd.o ABSOLUTE
    ../fplib/microlib/fpdiv.c                0x00000000   Number         0  fdiv.o ABSOLUTE
    ../fplib/microlib/fpepilogue.c           0x00000000   Number         0  fepilogue.o ABSOLUTE
    ../fplib/microlib/fpfix.c                0x00000000   Number         0  ffixi.o ABSOLUTE
    ../fplib/microlib/fpflt.c                0x00000000   Number         0  fflti.o ABSOLUTE
    ../fplib/microlib/fpflt.c                0x00000000   Number         0  ffltui.o ABSOLUTE
    ../fplib/microlib/fpmul.c                0x00000000   Number         0  fmul.o ABSOLUTE
    ../fplib/microlib/fprnd.c                0x00000000   Number         0  frnd.o ABSOLUTE
    ../fplib/microlib/fpscalb.c              0x00000000   Number         0  fscalb.o ABSOLUTE
    ../mathlib/cosf.c                        0x00000000   Number         0  cosf.o ABSOLUTE
    ../mathlib/cosf.c                        0x00000000   Number         0  cosf_x.o ABSOLUTE
    ../mathlib/fpclassifyf.c                 0x00000000   Number         0  fpclassifyf.o ABSOLUTE
    ../mathlib/funder.c                      0x00000000   Number         0  funder.o ABSOLUTE
    ../mathlib/rredf.c                       0x00000000   Number         0  rredf.o ABSOLUTE
    ../mathlib/tanf.c                        0x00000000   Number         0  tanf.o ABSOLUTE
    ../mathlib/tanf.c                        0x00000000   Number         0  tanf_x.o ABSOLUTE
    ..\..\HardWareDriver\Delay\delay.c       0x00000000   Number         0  delay.o ABSOLUTE
    ..\..\HardWareDriver\TIME2\Time_2.c      0x00000000   Number         0  time_2.o ABSOLUTE
    ..\..\HardWareDriver\USART1\USART1.c     0x00000000   Number         0  usart1.o ABSOLUTE
    ..\..\HardWareDriver\USART2\USART2.c     0x00000000   Number         0  usart2.o ABSOLUTE
    ..\..\HardWareDriver\USART3\USART3.c     0x00000000   Number         0  usart3.o ABSOLUTE
    ..\..\Libraries\CMSIS\core_cm3.c         0x00000000   Number         0  core_cm3.o ABSOLUTE
    ..\..\Libraries\CMSIS\startup\startup_stm32f10x_hd.s 0x00000000   Number         0  startup_stm32f10x_hd.o ABSOLUTE
    ..\..\Libraries\CMSIS\system_stm32f10x.c 0x00000000   Number         0  system_stm32f10x.o ABSOLUTE
    ..\..\Libraries\FWlib\src\misc.c         0x00000000   Number         0  misc.o ABSOLUTE
    ..\..\Libraries\FWlib\src\stm32f10x_adc.c 0x00000000   Number         0  stm32f10x_adc.o ABSOLUTE
    ..\..\Libraries\FWlib\src\stm32f10x_bkp.c 0x00000000   Number         0  stm32f10x_bkp.o ABSOLUTE
    ..\..\Libraries\FWlib\src\stm32f10x_can.c 0x00000000   Number         0  stm32f10x_can.o ABSOLUTE
    ..\..\Libraries\FWlib\src\stm32f10x_cec.c 0x00000000   Number         0  stm32f10x_cec.o ABSOLUTE
    ..\..\Libraries\FWlib\src\stm32f10x_crc.c 0x00000000   Number         0  stm32f10x_crc.o ABSOLUTE
    ..\..\Libraries\FWlib\src\stm32f10x_dac.c 0x00000000   Number         0  stm32f10x_dac.o ABSOLUTE
    ..\..\Libraries\FWlib\src\stm32f10x_dbgmcu.c 0x00000000   Number         0  stm32f10x_dbgmcu.o ABSOLUTE
    ..\..\Libraries\FWlib\src\stm32f10x_dma.c 0x00000000   Number         0  stm32f10x_dma.o ABSOLUTE
    ..\..\Libraries\FWlib\src\stm32f10x_exti.c 0x00000000   Number         0  stm32f10x_exti.o ABSOLUTE
    ..\..\Libraries\FWlib\src\stm32f10x_flash.c 0x00000000   Number         0  stm32f10x_flash.o ABSOLUTE
    ..\..\Libraries\FWlib\src\stm32f10x_fsmc.c 0x00000000   Number         0  stm32f10x_fsmc.o ABSOLUTE
    ..\..\Libraries\FWlib\src\stm32f10x_gpio.c 0x00000000   Number         0  stm32f10x_gpio.o ABSOLUTE
    ..\..\Libraries\FWlib\src\stm32f10x_i2c.c 0x00000000   Number         0  stm32f10x_i2c.o ABSOLUTE
    ..\..\Libraries\FWlib\src\stm32f10x_iwdg.c 0x00000000   Number         0  stm32f10x_iwdg.o ABSOLUTE
    ..\..\Libraries\FWlib\src\stm32f10x_pwr.c 0x00000000   Number         0  stm32f10x_pwr.o ABSOLUTE
    ..\..\Libraries\FWlib\src\stm32f10x_rcc.c 0x00000000   Number         0  stm32f10x_rcc.o ABSOLUTE
    ..\..\Libraries\FWlib\src\stm32f10x_rtc.c 0x00000000   Number         0  stm32f10x_rtc.o ABSOLUTE
    ..\..\Libraries\FWlib\src\stm32f10x_sdio.c 0x00000000   Number         0  stm32f10x_sdio.o ABSOLUTE
    ..\..\Libraries\FWlib\src\stm32f10x_spi.c 0x00000000   Number         0  stm32f10x_spi.o ABSOLUTE
    ..\..\Libraries\FWlib\src\stm32f10x_tim.c 0x00000000   Number         0  stm32f10x_tim.o ABSOLUTE
    ..\..\Libraries\FWlib\src\stm32f10x_usart.c 0x00000000   Number         0  stm32f10x_usart.o ABSOLUTE
    ..\..\Libraries\FWlib\src\stm32f10x_wwdg.c 0x00000000   Number         0  stm32f10x_wwdg.o ABSOLUTE
    ..\..\User\SimpleDigitalFiltering.c      0x00000000   Number         0  simpledigitalfiltering.o ABSOLUTE
    ..\..\User\main.c                        0x00000000   Number         0  main.o ABSOLUTE
    ..\..\User\stm32f10x_it.c                0x00000000   Number         0  stm32f10x_it.o ABSOLUTE
    ..\\..\\Libraries\\CMSIS\\core_cm3.c     0x00000000   Number         0  core_cm3.o ABSOLUTE
    cfcmple.s                                0x00000000   Number         0  cfcmple.o ABSOLUTE
    cfrcmple.s                               0x00000000   Number         0  cfrcmple.o ABSOLUTE
    dc.s                                     0x00000000   Number         0  dc.o ABSOLUTE
    handlers.s                               0x00000000   Number         0  handlers.o ABSOLUTE
    init.s                                   0x00000000   Number         0  init.o ABSOLUTE
    RESET                                    0x08000000   Section      304  startup_stm32f10x_hd.o(RESET)
    .ARM.Collect$$$$00000000                 0x08000130   Section        0  entry.o(.ARM.Collect$$$$00000000)
    .ARM.Collect$$$$00000001                 0x08000130   Section        4  entry2.o(.ARM.Collect$$$$00000001)
    .ARM.Collect$$$$00000004                 0x08000134   Section        4  entry5.o(.ARM.Collect$$$$00000004)
    .ARM.Collect$$$$00000008                 0x08000138   Section        0  entry7b.o(.ARM.Collect$$$$00000008)
    .ARM.Collect$$$$0000000A                 0x08000138   Section        0  entry8b.o(.ARM.Collect$$$$0000000A)
    .ARM.Collect$$$$0000000B                 0x08000138   Section        8  entry9a.o(.ARM.Collect$$$$0000000B)
    .ARM.Collect$$$$0000000D                 0x08000140   Section        0  entry10a.o(.ARM.Collect$$$$0000000D)
    .ARM.Collect$$$$0000000F                 0x08000140   Section        0  entry11a.o(.ARM.Collect$$$$0000000F)
    .ARM.Collect$$$$00002712                 0x08000140   Section        4  entry2.o(.ARM.Collect$$$$00002712)
    __lit__00000000                          0x08000140   Data           4  entry2.o(.ARM.Collect$$$$00002712)
    .text                                    0x08000144   Section       36  startup_stm32f10x_hd.o(.text)
    .text                                    0x08000168   Section        0  system_stm32f10x.o(.text)
    SetSysClockTo72                          0x08000169   Thumb Code   214  system_stm32f10x.o(.text)
    SetSysClock                              0x0800023f   Thumb Code     8  system_stm32f10x.o(.text)
    .text                                    0x08000348   Section        0  misc.o(.text)
    .text                                    0x08000424   Section        0  stm32f10x_dma.o(.text)
    .text                                    0x08000678   Section        0  stm32f10x_gpio.o(.text)
    .text                                    0x080009d4   Section        0  stm32f10x_rcc.o(.text)
    .text                                    0x08000d78   Section        0  stm32f10x_tim.o(.text)
    TI4_Config                               0x0800121f   Thumb Code   130  stm32f10x_tim.o(.text)
    TI3_Config                               0x080012b3   Thumb Code   122  stm32f10x_tim.o(.text)
    TI2_Config                               0x08001347   Thumb Code   130  stm32f10x_tim.o(.text)
    TI1_Config                               0x080013db   Thumb Code   108  stm32f10x_tim.o(.text)
    .text                                    0x08001b94   Section        0  stm32f10x_usart.o(.text)
    .text                                    0x08001f9c   Section        0  main.o(.text)
    .text                                    0x08002128   Section        0  stm32f10x_it.o(.text)
    .text                                    0x08002140   Section        0  simpledigitalfiltering.o(.text)
    .text                                    0x08002450   Section        0  delay.o(.text)
    .text                                    0x08002500   Section        0  time_2.o(.text)
    .text                                    0x080025e4   Section        0  usart1.o(.text)
    .text                                    0x0800289c   Section        0  usart2.o(.text)
    .text                                    0x08002c10   Section        0  usart3.o(.text)
    .text                                    0x08002ed0   Section        0  memcpya.o(.text)
    .text                                    0x08002ef4   Section        0  fadd.o(.text)
    .text                                    0x08002fa4   Section        0  fmul.o(.text)
    .text                                    0x08003008   Section        0  fdiv.o(.text)
    .text                                    0x08003084   Section        0  fflti.o(.text)
    .text                                    0x08003096   Section        0  ffltui.o(.text)
    .text                                    0x080030a0   Section       20  cfcmple.o(.text)
    .text                                    0x080030b4   Section       20  cfrcmple.o(.text)
    .text                                    0x080030c8   Section        0  iusefp.o(.text)
    .text                                    0x080030c8   Section        0  fepilogue.o(.text)
    .text                                    0x08003136   Section        0  frnd.o(.text)
    .text                                    0x08003172   Section        0  ffixi.o(.text)
    .text                                    0x080031a4   Section       36  init.o(.text)
    .text                                    0x080031c8   Section        0  fscalb.o(.text)
    i.__ARM_fpclassifyf                      0x080031e0   Section        0  fpclassifyf.o(i.__ARM_fpclassifyf)
    i.__mathlib_flt_infnan                   0x08003206   Section        0  funder.o(i.__mathlib_flt_infnan)
    i.__mathlib_flt_invalid                  0x0800320c   Section        0  funder.o(i.__mathlib_flt_invalid)
    i.__mathlib_flt_underflow                0x08003214   Section        0  funder.o(i.__mathlib_flt_underflow)
    i.__mathlib_rredf2                       0x08003220   Section        0  rredf.o(i.__mathlib_rredf2)
    i.__scatterload_copy                     0x08003388   Section       14  handlers.o(i.__scatterload_copy)
    i.__scatterload_null                     0x08003396   Section        2  handlers.o(i.__scatterload_null)
    i.__scatterload_zeroinit                 0x08003398   Section       14  handlers.o(i.__scatterload_zeroinit)
    i.__set_errno                            0x080033a8   Section        0  errno.o(i.__set_errno)
    i.cosf                                   0x080033b4   Section        0  cosf.o(i.cosf)
    i.tanf                                   0x08003530   Section        0  tanf.o(i.tanf)
    .constdata                               0x080036a4   Section       32  rredf.o(.constdata)
    twooverpi                                0x080036a4   Data          32  rredf.o(.constdata)
    .data                                    0x20000000   Section       20  system_stm32f10x.o(.data)
    .data                                    0x20000014   Section       20  stm32f10x_rcc.o(.data)
    APBAHBPrescTable                         0x20000014   Data          16  stm32f10x_rcc.o(.data)
    ADCPrescTable                            0x20000024   Data           4  stm32f10x_rcc.o(.data)
    .data                                    0x20000028   Section        1  main.o(.data)
    .data                                    0x2000002a   Section        4  delay.o(.data)
    fac_us                                   0x2000002a   Data           1  delay.o(.data)
    fac_ms                                   0x2000002c   Data           2  delay.o(.data)
    .data                                    0x20000030   Section       21  time_2.o(.data)
    .data                                    0x20000046   Section        6  usart1.o(.data)
    .data                                    0x2000004c   Section        5  usart2.o(.data)
    .data                                    0x20000052   Section        6  usart3.o(.data)
    .data                                    0x20000058   Section        4  errno.o(.data)
    _errno                                   0x20000058   Data           4  errno.o(.data)
    .bss                                     0x2000005c   Section       16  main.o(.bss)
    .bss                                     0x2000006c   Section       96  simpledigitalfiltering.o(.bss)
    .bss                                     0x200000cc   Section      148  usart1.o(.bss)
    HeightData                               0x2000014c   Data          20  usart1.o(.bss)
    .bss                                     0x20000160   Section      192  usart2.o(.bss)
    .bss                                     0x20000220   Section      192  usart3.o(.bss)
    STACK                                    0x200002e0   Section     1024  startup_stm32f10x_hd.o(STACK)

    Global Symbols

    Symbol Name                              Value     Ov Type        Size  Object(Section)

    BuildAttributes$$THM_ISAv4$P$D$K$B$S$PE$A:L22UL41UL21$X:L11$S22US41US21$IEEE1$IW$USESV6$~STKCKD$USESV7$~SHL$OTIME$ROPI$IEEEX$EBA8$MICROLIB$REQ8$PRES8$EABIv2 0x00000000   Number         0  anon$$obj.o ABSOLUTE
    __ARM_use_no_argv                        0x00000000   Number         0  main.o ABSOLUTE
    __cpp_initialize__aeabi_                  - Undefined Weak Reference
    __cxa_finalize                            - Undefined Weak Reference
    __decompress                              - Undefined Weak Reference
    _clock_init                               - Undefined Weak Reference
    _microlib_exit                            - Undefined Weak Reference
    __Vectors_Size                           0x00000130   Number         0  startup_stm32f10x_hd.o ABSOLUTE
    __Vectors                                0x08000000   Data           4  startup_stm32f10x_hd.o(RESET)
    __Vectors_End                            0x08000130   Data           0  startup_stm32f10x_hd.o(RESET)
    __main                                   0x08000131   Thumb Code     0  entry.o(.ARM.Collect$$$$00000000)
    _main_stk                                0x08000131   Thumb Code     0  entry2.o(.ARM.Collect$$$$00000001)
    _main_scatterload                        0x08000135   Thumb Code     0  entry5.o(.ARM.Collect$$$$00000004)
    __main_after_scatterload                 0x08000139   Thumb Code     0  entry5.o(.ARM.Collect$$$$00000004)
    _main_clock                              0x08000139   Thumb Code     0  entry7b.o(.ARM.Collect$$$$00000008)
    _main_cpp_init                           0x08000139   Thumb Code     0  entry8b.o(.ARM.Collect$$$$0000000A)
    _main_init                               0x08000139   Thumb Code     0  entry9a.o(.ARM.Collect$$$$0000000B)
    __rt_final_cpp                           0x08000141   Thumb Code     0  entry10a.o(.ARM.Collect$$$$0000000D)
    __rt_final_exit                          0x08000141   Thumb Code     0  entry11a.o(.ARM.Collect$$$$0000000F)
    Reset_Handler                            0x08000145   Thumb Code     8  startup_stm32f10x_hd.o(.text)
    ADC1_2_IRQHandler                        0x0800015f   Thumb Code     0  startup_stm32f10x_hd.o(.text)
    ADC3_IRQHandler                          0x0800015f   Thumb Code     0  startup_stm32f10x_hd.o(.text)
    CAN1_RX1_IRQHandler                      0x0800015f   Thumb Code     0  startup_stm32f10x_hd.o(.text)
    CAN1_SCE_IRQHandler                      0x0800015f   Thumb Code     0  startup_stm32f10x_hd.o(.text)
    DMA1_Channel1_IRQHandler                 0x0800015f   Thumb Code     0  startup_stm32f10x_hd.o(.text)
    DMA1_Channel3_IRQHandler                 0x0800015f   Thumb Code     0  startup_stm32f10x_hd.o(.text)
    DMA1_Channel5_IRQHandler                 0x0800015f   Thumb Code     0  startup_stm32f10x_hd.o(.text)
    DMA1_Channel6_IRQHandler                 0x0800015f   Thumb Code     0  startup_stm32f10x_hd.o(.text)
    DMA2_Channel1_IRQHandler                 0x0800015f   Thumb Code     0  startup_stm32f10x_hd.o(.text)
    DMA2_Channel2_IRQHandler                 0x0800015f   Thumb Code     0  startup_stm32f10x_hd.o(.text)
    DMA2_Channel3_IRQHandler                 0x0800015f   Thumb Code     0  startup_stm32f10x_hd.o(.text)
    DMA2_Channel4_5_IRQHandler               0x0800015f   Thumb Code     0  startup_stm32f10x_hd.o(.text)
    EXTI0_IRQHandler                         0x0800015f   Thumb Code     0  startup_stm32f10x_hd.o(.text)
    EXTI15_10_IRQHandler                     0x0800015f   Thumb Code     0  startup_stm32f10x_hd.o(.text)
    EXTI1_IRQHandler                         0x0800015f   Thumb Code     0  startup_stm32f10x_hd.o(.text)
    EXTI2_IRQHandler                         0x0800015f   Thumb Code     0  startup_stm32f10x_hd.o(.text)
    EXTI3_IRQHandler                         0x0800015f   Thumb Code     0  startup_stm32f10x_hd.o(.text)
    EXTI4_IRQHandler                         0x0800015f   Thumb Code     0  startup_stm32f10x_hd.o(.text)
    EXTI9_5_IRQHandler                       0x0800015f   Thumb Code     0  startup_stm32f10x_hd.o(.text)
    FLASH_IRQHandler                         0x0800015f   Thumb Code     0  startup_stm32f10x_hd.o(.text)
    FSMC_IRQHandler                          0x0800015f   Thumb Code     0  startup_stm32f10x_hd.o(.text)
    I2C1_ER_IRQHandler                       0x0800015f   Thumb Code     0  startup_stm32f10x_hd.o(.text)
    I2C1_EV_IRQHandler                       0x0800015f   Thumb Code     0  startup_stm32f10x_hd.o(.text)
    I2C2_ER_IRQHandler                       0x0800015f   Thumb Code     0  startup_stm32f10x_hd.o(.text)
    I2C2_EV_IRQHandler                       0x0800015f   Thumb Code     0  startup_stm32f10x_hd.o(.text)
    PVD_IRQHandler                           0x0800015f   Thumb Code     0  startup_stm32f10x_hd.o(.text)
    RCC_IRQHandler                           0x0800015f   Thumb Code     0  startup_stm32f10x_hd.o(.text)
    RTCAlarm_IRQHandler                      0x0800015f   Thumb Code     0  startup_stm32f10x_hd.o(.text)
    RTC_IRQHandler                           0x0800015f   Thumb Code     0  startup_stm32f10x_hd.o(.text)
    SDIO_IRQHandler                          0x0800015f   Thumb Code     0  startup_stm32f10x_hd.o(.text)
    SPI1_IRQHandler                          0x0800015f   Thumb Code     0  startup_stm32f10x_hd.o(.text)
    SPI2_IRQHandler                          0x0800015f   Thumb Code     0  startup_stm32f10x_hd.o(.text)
    SPI3_IRQHandler                          0x0800015f   Thumb Code     0  startup_stm32f10x_hd.o(.text)
    TAMPER_IRQHandler                        0x0800015f   Thumb Code     0  startup_stm32f10x_hd.o(.text)
    TIM1_BRK_IRQHandler                      0x0800015f   Thumb Code     0  startup_stm32f10x_hd.o(.text)
    TIM1_CC_IRQHandler                       0x0800015f   Thumb Code     0  startup_stm32f10x_hd.o(.text)
    TIM1_TRG_COM_IRQHandler                  0x0800015f   Thumb Code     0  startup_stm32f10x_hd.o(.text)
    TIM1_UP_IRQHandler                       0x0800015f   Thumb Code     0  startup_stm32f10x_hd.o(.text)
    TIM3_IRQHandler                          0x0800015f   Thumb Code     0  startup_stm32f10x_hd.o(.text)
    TIM4_IRQHandler                          0x0800015f   Thumb Code     0  startup_stm32f10x_hd.o(.text)
    TIM5_IRQHandler                          0x0800015f   Thumb Code     0  startup_stm32f10x_hd.o(.text)
    TIM6_IRQHandler                          0x0800015f   Thumb Code     0  startup_stm32f10x_hd.o(.text)
    TIM7_IRQHandler                          0x0800015f   Thumb Code     0  startup_stm32f10x_hd.o(.text)
    TIM8_BRK_IRQHandler                      0x0800015f   Thumb Code     0  startup_stm32f10x_hd.o(.text)
    TIM8_CC_IRQHandler                       0x0800015f   Thumb Code     0  startup_stm32f10x_hd.o(.text)
    TIM8_TRG_COM_IRQHandler                  0x0800015f   Thumb Code     0  startup_stm32f10x_hd.o(.text)
    TIM8_UP_IRQHandler                       0x0800015f   Thumb Code     0  startup_stm32f10x_hd.o(.text)
    UART4_IRQHandler                         0x0800015f   Thumb Code     0  startup_stm32f10x_hd.o(.text)
    UART5_IRQHandler                         0x0800015f   Thumb Code     0  startup_stm32f10x_hd.o(.text)
    USBWakeUp_IRQHandler                     0x0800015f   Thumb Code     0  startup_stm32f10x_hd.o(.text)
    USB_HP_CAN1_TX_IRQHandler                0x0800015f   Thumb Code     0  startup_stm32f10x_hd.o(.text)
    USB_LP_CAN1_RX0_IRQHandler               0x0800015f   Thumb Code     0  startup_stm32f10x_hd.o(.text)
    WWDG_IRQHandler                          0x0800015f   Thumb Code     0  startup_stm32f10x_hd.o(.text)
    SystemInit                               0x08000247   Thumb Code    78  system_stm32f10x.o(.text)
    SystemCoreClockUpdate                    0x08000295   Thumb Code   142  system_stm32f10x.o(.text)
    NVIC_PriorityGroupConfig                 0x08000349   Thumb Code    10  misc.o(.text)
    NVIC_Init                                0x08000353   Thumb Code   100  misc.o(.text)
    NVIC_SetVectorTable                      0x080003b7   Thumb Code    14  misc.o(.text)
    NVIC_SystemLPConfig                      0x080003c5   Thumb Code    34  misc.o(.text)
    SysTick_CLKSourceConfig                  0x080003e7   Thumb Code    40  misc.o(.text)
    DMA_DeInit                               0x08000425   Thumb Code   324  stm32f10x_dma.o(.text)
    DMA_Init                                 0x08000569   Thumb Code    60  stm32f10x_dma.o(.text)
    DMA_StructInit                           0x080005a5   Thumb Code    26  stm32f10x_dma.o(.text)
    DMA_Cmd                                  0x080005bf   Thumb Code    24  stm32f10x_dma.o(.text)
    DMA_ITConfig                             0x080005d7   Thumb Code    18  stm32f10x_dma.o(.text)
    DMA_SetCurrDataCounter                   0x080005e9   Thumb Code     4  stm32f10x_dma.o(.text)
    DMA_GetCurrDataCounter                   0x080005ed   Thumb Code     8  stm32f10x_dma.o(.text)
    DMA_GetFlagStatus                        0x080005f5   Thumb Code    40  stm32f10x_dma.o(.text)
    DMA_ClearFlag                            0x0800061d   Thumb Code    22  stm32f10x_dma.o(.text)
    DMA_GetITStatus                          0x08000633   Thumb Code    40  stm32f10x_dma.o(.text)
    DMA_ClearITPendingBit                    0x0800065b   Thumb Code    22  stm32f10x_dma.o(.text)
    GPIO_DeInit                              0x08000679   Thumb Code   172  stm32f10x_gpio.o(.text)
    GPIO_AFIODeInit                          0x08000725   Thumb Code    20  stm32f10x_gpio.o(.text)
    GPIO_Init                                0x08000739   Thumb Code   278  stm32f10x_gpio.o(.text)
    GPIO_StructInit                          0x0800084f   Thumb Code    16  stm32f10x_gpio.o(.text)
    GPIO_ReadInputDataBit                    0x0800085f   Thumb Code    18  stm32f10x_gpio.o(.text)
    GPIO_ReadInputData                       0x08000871   Thumb Code     8  stm32f10x_gpio.o(.text)
    GPIO_ReadOutputDataBit                   0x08000879   Thumb Code    18  stm32f10x_gpio.o(.text)
    GPIO_ReadOutputData                      0x0800088b   Thumb Code     8  stm32f10x_gpio.o(.text)
    GPIO_SetBits                             0x08000893   Thumb Code     4  stm32f10x_gpio.o(.text)
    GPIO_ResetBits                           0x08000897   Thumb Code     4  stm32f10x_gpio.o(.text)
    GPIO_WriteBit                            0x0800089b   Thumb Code    10  stm32f10x_gpio.o(.text)
    GPIO_Write                               0x080008a5   Thumb Code     4  stm32f10x_gpio.o(.text)
    GPIO_PinLockConfig                       0x080008a9   Thumb Code    18  stm32f10x_gpio.o(.text)
    GPIO_EventOutputConfig                   0x080008bb   Thumb Code    26  stm32f10x_gpio.o(.text)
    GPIO_EventOutputCmd                      0x080008d5   Thumb Code     6  stm32f10x_gpio.o(.text)
    GPIO_PinRemapConfig                      0x080008db   Thumb Code   138  stm32f10x_gpio.o(.text)
    GPIO_EXTILineConfig                      0x08000965   Thumb Code    66  stm32f10x_gpio.o(.text)
    GPIO_ETH_MediaInterfaceConfig            0x080009a7   Thumb Code     8  stm32f10x_gpio.o(.text)
    RCC_DeInit                               0x080009d5   Thumb Code    64  stm32f10x_rcc.o(.text)
    RCC_HSEConfig                            0x08000a15   Thumb Code    70  stm32f10x_rcc.o(.text)
    RCC_GetFlagStatus                        0x08000a5b   Thumb Code    56  stm32f10x_rcc.o(.text)
    RCC_WaitForHSEStartUp                    0x08000a93   Thumb Code    56  stm32f10x_rcc.o(.text)
    RCC_AdjustHSICalibrationValue            0x08000acb   Thumb Code    20  stm32f10x_rcc.o(.text)
    RCC_HSICmd                               0x08000adf   Thumb Code     6  stm32f10x_rcc.o(.text)
    RCC_PLLConfig                            0x08000ae5   Thumb Code    24  stm32f10x_rcc.o(.text)
    RCC_PLLCmd                               0x08000afd   Thumb Code     6  stm32f10x_rcc.o(.text)
    RCC_SYSCLKConfig                         0x08000b03   Thumb Code    18  stm32f10x_rcc.o(.text)
    RCC_GetSYSCLKSource                      0x08000b15   Thumb Code    10  stm32f10x_rcc.o(.text)
    RCC_HCLKConfig                           0x08000b1f   Thumb Code    18  stm32f10x_rcc.o(.text)
    RCC_PCLK1Config                          0x08000b31   Thumb Code    18  stm32f10x_rcc.o(.text)
    RCC_PCLK2Config                          0x08000b43   Thumb Code    20  stm32f10x_rcc.o(.text)
    RCC_ITConfig                             0x08000b57   Thumb Code    26  stm32f10x_rcc.o(.text)
    RCC_USBCLKConfig                         0x08000b71   Thumb Code     8  stm32f10x_rcc.o(.text)
    RCC_ADCCLKConfig                         0x08000b79   Thumb Code    18  stm32f10x_rcc.o(.text)
    RCC_LSEConfig                            0x08000b8b   Thumb Code    50  stm32f10x_rcc.o(.text)
    RCC_LSICmd                               0x08000bbd   Thumb Code     6  stm32f10x_rcc.o(.text)
    RCC_RTCCLKConfig                         0x08000bc3   Thumb Code    12  stm32f10x_rcc.o(.text)
    RCC_RTCCLKCmd                            0x08000bcf   Thumb Code     8  stm32f10x_rcc.o(.text)
    RCC_GetClocksFreq                        0x08000bd7   Thumb Code   192  stm32f10x_rcc.o(.text)
    RCC_AHBPeriphClockCmd                    0x08000c97   Thumb Code    26  stm32f10x_rcc.o(.text)
    RCC_APB2PeriphClockCmd                   0x08000cb1   Thumb Code    26  stm32f10x_rcc.o(.text)
    RCC_APB1PeriphClockCmd                   0x08000ccb   Thumb Code    26  stm32f10x_rcc.o(.text)
    RCC_APB2PeriphResetCmd                   0x08000ce5   Thumb Code    26  stm32f10x_rcc.o(.text)
    RCC_APB1PeriphResetCmd                   0x08000cff   Thumb Code    26  stm32f10x_rcc.o(.text)
    RCC_BackupResetCmd                       0x08000d19   Thumb Code     8  stm32f10x_rcc.o(.text)
    RCC_ClockSecuritySystemCmd               0x08000d21   Thumb Code     6  stm32f10x_rcc.o(.text)
    RCC_MCOConfig                            0x08000d27   Thumb Code     6  stm32f10x_rcc.o(.text)
    RCC_ClearFlag                            0x08000d2d   Thumb Code    14  stm32f10x_rcc.o(.text)
    RCC_GetITStatus                          0x08000d3b   Thumb Code    20  stm32f10x_rcc.o(.text)
    RCC_ClearITPendingBit                    0x08000d4f   Thumb Code     6  stm32f10x_rcc.o(.text)
    TIM_DeInit                               0x08000d79   Thumb Code   424  stm32f10x_tim.o(.text)
    TIM_TimeBaseInit                         0x08000f21   Thumb Code   122  stm32f10x_tim.o(.text)
    TIM_OC1Init                              0x08000f9b   Thumb Code   132  stm32f10x_tim.o(.text)
    TIM_OC2Init                              0x0800101f   Thumb Code   154  stm32f10x_tim.o(.text)
    TIM_OC3Init                              0x080010b9   Thumb Code   150  stm32f10x_tim.o(.text)
    TIM_OC4Init                              0x0800114f   Thumb Code   182  stm32f10x_tim.o(.text)
    TIM_SetIC4Prescaler                      0x08001205   Thumb Code    26  stm32f10x_tim.o(.text)
    TIM_SetIC3Prescaler                      0x080012a1   Thumb Code    18  stm32f10x_tim.o(.text)
    TIM_SetIC2Prescaler                      0x0800132d   Thumb Code    26  stm32f10x_tim.o(.text)
    TIM_SetIC1Prescaler                      0x080013c9   Thumb Code    18  stm32f10x_tim.o(.text)
    TIM_ICInit                               0x08001447   Thumb Code   150  stm32f10x_tim.o(.text)
    TIM_PWMIConfig                           0x080014dd   Thumb Code   124  stm32f10x_tim.o(.text)
    TIM_BDTRConfig                           0x08001559   Thumb Code    32  stm32f10x_tim.o(.text)
    TIM_TimeBaseStructInit                   0x08001579   Thumb Code    18  stm32f10x_tim.o(.text)
    TIM_OCStructInit                         0x0800158b   Thumb Code    20  stm32f10x_tim.o(.text)
    TIM_ICStructInit                         0x0800159f   Thumb Code    18  stm32f10x_tim.o(.text)
    TIM_BDTRStructInit                       0x080015b1   Thumb Code    40  stm32f10x_tim.o(.text)
    TIM_Cmd                                  0x080015d9   Thumb Code    24  stm32f10x_tim.o(.text)
    TIM_CtrlPWMOutputs                       0x080015f1   Thumb Code    30  stm32f10x_tim.o(.text)
    TIM_ITConfig                             0x0800160f   Thumb Code    18  stm32f10x_tim.o(.text)
    TIM_GenerateEvent                        0x08001621   Thumb Code     4  stm32f10x_tim.o(.text)
    TIM_DMAConfig                            0x08001625   Thumb Code    10  stm32f10x_tim.o(.text)
    TIM_DMACmd                               0x0800162f   Thumb Code    18  stm32f10x_tim.o(.text)
    TIM_InternalClockConfig                  0x08001641   Thumb Code    12  stm32f10x_tim.o(.text)
    TIM_SelectInputTrigger                   0x0800164d   Thumb Code    18  stm32f10x_tim.o(.text)
    TIM_ITRxExternalClockConfig              0x0800165f   Thumb Code    24  stm32f10x_tim.o(.text)
    TIM_TIxExternalClockConfig               0x08001677   Thumb Code    62  stm32f10x_tim.o(.text)
    TIM_ETRConfig                            0x080016b5   Thumb Code    28  stm32f10x_tim.o(.text)
    TIM_ETRClockMode1Config                  0x080016d1   Thumb Code    54  stm32f10x_tim.o(.text)
    TIM_ETRClockMode2Config                  0x08001707   Thumb Code    32  stm32f10x_tim.o(.text)
    TIM_PrescalerConfig                      0x08001727   Thumb Code     6  stm32f10x_tim.o(.text)
    TIM_CounterModeConfig                    0x0800172d   Thumb Code    18  stm32f10x_tim.o(.text)
    TIM_EncoderInterfaceConfig               0x0800173f   Thumb Code    66  stm32f10x_tim.o(.text)
    TIM_ForcedOC1Config                      0x08001781   Thumb Code    18  stm32f10x_tim.o(.text)
    TIM_ForcedOC2Config                      0x08001793   Thumb Code    26  stm32f10x_tim.o(.text)
    TIM_ForcedOC3Config                      0x080017ad   Thumb Code    18  stm32f10x_tim.o(.text)
    TIM_ForcedOC4Config                      0x080017bf   Thumb Code    26  stm32f10x_tim.o(.text)
    TIM_ARRPreloadConfig                     0x080017d9   Thumb Code    24  stm32f10x_tim.o(.text)
    TIM_SelectCOM                            0x080017f1   Thumb Code    24  stm32f10x_tim.o(.text)
    TIM_SelectCCDMA                          0x08001809   Thumb Code    24  stm32f10x_tim.o(.text)
    TIM_CCPreloadControl                     0x08001821   Thumb Code    24  stm32f10x_tim.o(.text)
    TIM_OC1PreloadConfig                     0x08001839   Thumb Code    18  stm32f10x_tim.o(.text)
    TIM_OC2PreloadConfig                     0x0800184b   Thumb Code    26  stm32f10x_tim.o(.text)
    TIM_OC3PreloadConfig                     0x08001865   Thumb Code    18  stm32f10x_tim.o(.text)
    TIM_OC4PreloadConfig                     0x08001877   Thumb Code    26  stm32f10x_tim.o(.text)
    TIM_OC1FastConfig                        0x08001891   Thumb Code    18  stm32f10x_tim.o(.text)
    TIM_OC2FastConfig                        0x080018a3   Thumb Code    26  stm32f10x_tim.o(.text)
    TIM_OC3FastConfig                        0x080018bd   Thumb Code    18  stm32f10x_tim.o(.text)
    TIM_OC4FastConfig                        0x080018cf   Thumb Code    26  stm32f10x_tim.o(.text)
    TIM_ClearOC1Ref                          0x080018e9   Thumb Code    18  stm32f10x_tim.o(.text)
    TIM_ClearOC2Ref                          0x080018fb   Thumb Code    24  stm32f10x_tim.o(.text)
    TIM_ClearOC3Ref                          0x08001913   Thumb Code    18  stm32f10x_tim.o(.text)
    TIM_ClearOC4Ref                          0x08001925   Thumb Code    24  stm32f10x_tim.o(.text)
    TIM_OC1PolarityConfig                    0x0800193d   Thumb Code    18  stm32f10x_tim.o(.text)
    TIM_OC1NPolarityConfig                   0x0800194f   Thumb Code    18  stm32f10x_tim.o(.text)
    TIM_OC2PolarityConfig                    0x08001961   Thumb Code    26  stm32f10x_tim.o(.text)
    TIM_OC2NPolarityConfig                   0x0800197b   Thumb Code    26  stm32f10x_tim.o(.text)
    TIM_OC3PolarityConfig                    0x08001995   Thumb Code    26  stm32f10x_tim.o(.text)
    TIM_OC3NPolarityConfig                   0x080019af   Thumb Code    26  stm32f10x_tim.o(.text)
    TIM_OC4PolarityConfig                    0x080019c9   Thumb Code    26  stm32f10x_tim.o(.text)
    TIM_CCxCmd                               0x080019e3   Thumb Code    30  stm32f10x_tim.o(.text)
    TIM_CCxNCmd                              0x08001a01   Thumb Code    30  stm32f10x_tim.o(.text)
    TIM_SelectOCxM                           0x08001a1f   Thumb Code    82  stm32f10x_tim.o(.text)
    TIM_UpdateDisableConfig                  0x08001a71   Thumb Code    24  stm32f10x_tim.o(.text)
    TIM_UpdateRequestConfig                  0x08001a89   Thumb Code    24  stm32f10x_tim.o(.text)
    TIM_SelectHallSensor                     0x08001aa1   Thumb Code    24  stm32f10x_tim.o(.text)
    TIM_SelectOnePulseMode                   0x08001ab9   Thumb Code    18  stm32f10x_tim.o(.text)
    TIM_SelectOutputTrigger                  0x08001acb   Thumb Code    18  stm32f10x_tim.o(.text)
    TIM_SelectSlaveMode                      0x08001add   Thumb Code    18  stm32f10x_tim.o(.text)
    TIM_SelectMasterSlaveMode                0x08001aef   Thumb Code    18  stm32f10x_tim.o(.text)
    TIM_SetCounter                           0x08001b01   Thumb Code     4  stm32f10x_tim.o(.text)
    TIM_SetAutoreload                        0x08001b05   Thumb Code     4  stm32f10x_tim.o(.text)
    TIM_SetCompare1                          0x08001b09   Thumb Code     4  stm32f10x_tim.o(.text)
    TIM_SetCompare2                          0x08001b0d   Thumb Code     4  stm32f10x_tim.o(.text)
    TIM_SetCompare3                          0x08001b11   Thumb Code     4  stm32f10x_tim.o(.text)
    TIM_SetCompare4                          0x08001b15   Thumb Code     6  stm32f10x_tim.o(.text)
    TIM_SetClockDivision                     0x08001b1b   Thumb Code    18  stm32f10x_tim.o(.text)
    TIM_GetCapture1                          0x08001b2d   Thumb Code     6  stm32f10x_tim.o(.text)
    TIM_GetCapture2                          0x08001b33   Thumb Code     6  stm32f10x_tim.o(.text)
    TIM_GetCapture3                          0x08001b39   Thumb Code     6  stm32f10x_tim.o(.text)
    TIM_GetCapture4                          0x08001b3f   Thumb Code     8  stm32f10x_tim.o(.text)
    TIM_GetCounter                           0x08001b47   Thumb Code     6  stm32f10x_tim.o(.text)
    TIM_GetPrescaler                         0x08001b4d   Thumb Code     6  stm32f10x_tim.o(.text)
    TIM_GetFlagStatus                        0x08001b53   Thumb Code    18  stm32f10x_tim.o(.text)
    TIM_ClearFlag                            0x08001b65   Thumb Code     6  stm32f10x_tim.o(.text)
    TIM_GetITStatus                          0x08001b6b   Thumb Code    34  stm32f10x_tim.o(.text)
    TIM_ClearITPendingBit                    0x08001b8d   Thumb Code     6  stm32f10x_tim.o(.text)
    USART_DeInit                             0x08001b95   Thumb Code   134  stm32f10x_usart.o(.text)
    USART_Init                               0x08001c1b   Thumb Code   210  stm32f10x_usart.o(.text)
    USART_StructInit                         0x08001ced   Thumb Code    24  stm32f10x_usart.o(.text)
    USART_ClockInit                          0x08001d05   Thumb Code    34  stm32f10x_usart.o(.text)
    USART_ClockStructInit                    0x08001d27   Thumb Code    12  stm32f10x_usart.o(.text)
    USART_Cmd                                0x08001d33   Thumb Code    24  stm32f10x_usart.o(.text)
    USART_ITConfig                           0x08001d4b   Thumb Code    74  stm32f10x_usart.o(.text)
    USART_DMACmd                             0x08001d95   Thumb Code    18  stm32f10x_usart.o(.text)
    USART_SetAddress                         0x08001da7   Thumb Code    18  stm32f10x_usart.o(.text)
    USART_WakeUpConfig                       0x08001db9   Thumb Code    18  stm32f10x_usart.o(.text)
    USART_ReceiverWakeUpCmd                  0x08001dcb   Thumb Code    24  stm32f10x_usart.o(.text)
    USART_LINBreakDetectLengthConfig         0x08001de3   Thumb Code    18  stm32f10x_usart.o(.text)
    USART_LINCmd                             0x08001df5   Thumb Code    24  stm32f10x_usart.o(.text)
    USART_SendData                           0x08001e0d   Thumb Code     8  stm32f10x_usart.o(.text)
    USART_ReceiveData                        0x08001e15   Thumb Code    10  stm32f10x_usart.o(.text)
    USART_SendBreak                          0x08001e1f   Thumb Code    10  stm32f10x_usart.o(.text)
    USART_SetGuardTime                       0x08001e29   Thumb Code    16  stm32f10x_usart.o(.text)
    USART_SetPrescaler                       0x08001e39   Thumb Code    16  stm32f10x_usart.o(.text)
    USART_SmartCardCmd                       0x08001e49   Thumb Code    24  stm32f10x_usart.o(.text)
    USART_SmartCardNACKCmd                   0x08001e61   Thumb Code    24  stm32f10x_usart.o(.text)
    USART_HalfDuplexCmd                      0x08001e79   Thumb Code    24  stm32f10x_usart.o(.text)
    USART_OverSampling8Cmd                   0x08001e91   Thumb Code    22  stm32f10x_usart.o(.text)
    USART_OneBitMethodCmd                    0x08001ea7   Thumb Code    24  stm32f10x_usart.o(.text)
    USART_IrDAConfig                         0x08001ebf   Thumb Code    18  stm32f10x_usart.o(.text)
    USART_IrDACmd                            0x08001ed1   Thumb Code    24  stm32f10x_usart.o(.text)
    USART_GetFlagStatus                      0x08001ee9   Thumb Code    26  stm32f10x_usart.o(.text)
    USART_ClearFlag                          0x08001f03   Thumb Code    18  stm32f10x_usart.o(.text)
    USART_GetITStatus                        0x08001f15   Thumb Code    84  stm32f10x_usart.o(.text)
    USART_ClearITPendingBit                  0x08001f69   Thumb Code    52  stm32f10x_usart.o(.text)
    main                                     0x08001f9d   Thumb Code   340  main.o(.text)
    NMI_Handler                              0x08002129   Thumb Code     2  stm32f10x_it.o(.text)
    HardFault_Handler                        0x0800212b   Thumb Code     4  stm32f10x_it.o(.text)
    MemManage_Handler                        0x0800212f   Thumb Code     4  stm32f10x_it.o(.text)
    BusFault_Handler                         0x08002133   Thumb Code     4  stm32f10x_it.o(.text)
    UsageFault_Handler                       0x08002137   Thumb Code     2  stm32f10x_it.o(.text)
    SVC_Handler                              0x08002139   Thumb Code     2  stm32f10x_it.o(.text)
    DebugMon_Handler                         0x0800213b   Thumb Code     2  stm32f10x_it.o(.text)
    PendSV_Handler                           0x0800213d   Thumb Code     2  stm32f10x_it.o(.text)
    SysTick_Handler                          0x0800213f   Thumb Code     2  stm32f10x_it.o(.text)
    Average_Filter                           0x08002141   Thumb Code    86  simpledigitalfiltering.o(.text)
    Median_Filter                            0x08002197   Thumb Code   288  simpledigitalfiltering.o(.text)
    Limits_data                              0x080022b7   Thumb Code    36  simpledigitalfiltering.o(.text)
    Set_Cutoff_Frequency                     0x080022db   Thumb Code   248  simpledigitalfiltering.o(.text)
    LPButterworth                            0x080023d3   Thumb Code   116  simpledigitalfiltering.o(.text)
    delay_init                               0x08002451   Thumb Code    56  delay.o(.text)
    delay_ms                                 0x08002489   Thumb Code    56  delay.o(.text)
    delay_us                                 0x080024c1   Thumb Code    56  delay.o(.text)
    TIM2_Configuration                       0x08002501   Thumb Code   116  time_2.o(.text)
    TIM2_IRQHandler                          0x08002575   Thumb Code    92  time_2.o(.text)
    USART1_Config                            0x080025e5   Thumb Code   390  usart1.o(.text)
    USART1_IRQHandler                        0x0800276b   Thumb Code   146  usart1.o(.text)
    DMA1_Channel4_IRQHandler                 0x080027fd   Thumb Code    44  usart1.o(.text)
    Usart1SendData_DMA                       0x08002829   Thumb Code    52  usart1.o(.text)
    RecUltraData                             0x0800285d   Thumb Code    18  usart1.o(.text)
    USART2_Config                            0x0800289d   Thumb Code   388  usart2.o(.text)
    USART2_IRQHandler                        0x08002a21   Thumb Code    82  usart2.o(.text)
    DMA1_Channel7_IRQHandler                 0x08002a73   Thumb Code    44  usart2.o(.text)
    Usart2SendData_DMA                       0x08002a9f   Thumb Code    58  usart2.o(.text)
    IntegrationData                          0x08002ad9   Thumb Code    46  usart2.o(.text)
    SendToFlight                             0x08002b07   Thumb Code   112  usart2.o(.text)
    SendHeightToFlight                       0x08002b77   Thumb Code   114  usart2.o(.text)
    USART3_Config                            0x08002c11   Thumb Code   388  usart3.o(.text)
    USART3_IRQHandler                        0x08002d95   Thumb Code   170  usart3.o(.text)
    DMA1_Channel2_IRQHandler                 0x08002e3f   Thumb Code    44  usart3.o(.text)
    Usart3SendData_DMA                       0x08002e6b   Thumb Code    52  usart3.o(.text)
    __aeabi_memcpy                           0x08002ed1   Thumb Code    36  memcpya.o(.text)
    __aeabi_memcpy4                          0x08002ed1   Thumb Code     0  memcpya.o(.text)
    __aeabi_memcpy8                          0x08002ed1   Thumb Code     0  memcpya.o(.text)
    __aeabi_fadd                             0x08002ef5   Thumb Code   164  fadd.o(.text)
    __aeabi_fsub                             0x08002f99   Thumb Code     6  fadd.o(.text)
    __aeabi_frsub                            0x08002f9f   Thumb Code     6  fadd.o(.text)
    __aeabi_fmul                             0x08002fa5   Thumb Code   100  fmul.o(.text)
    __aeabi_fdiv                             0x08003009   Thumb Code   124  fdiv.o(.text)
    __aeabi_i2f                              0x08003085   Thumb Code    18  fflti.o(.text)
    __aeabi_ui2f                             0x08003097   Thumb Code    10  ffltui.o(.text)
    __aeabi_cfcmpeq                          0x080030a1   Thumb Code     0  cfcmple.o(.text)
    __aeabi_cfcmple                          0x080030a1   Thumb Code    20  cfcmple.o(.text)
    __aeabi_cfrcmple                         0x080030b5   Thumb Code    20  cfrcmple.o(.text)
    __I$use$fp                               0x080030c9   Thumb Code     0  iusefp.o(.text)
    _float_round                             0x080030c9   Thumb Code    18  fepilogue.o(.text)
    _float_epilogue                          0x080030db   Thumb Code    92  fepilogue.o(.text)
    _frnd                                    0x08003137   Thumb Code    60  frnd.o(.text)
    __aeabi_f2iz                             0x08003173   Thumb Code    50  ffixi.o(.text)
    __scatterload                            0x080031a5   Thumb Code    28  init.o(.text)
    __scatterload_rt2                        0x080031a5   Thumb Code     0  init.o(.text)
    __ARM_scalbnf                            0x080031c9   Thumb Code    24  fscalb.o(.text)
    scalbnf                                  0x080031c9   Thumb Code     0  fscalb.o(.text)
    __ARM_fpclassifyf                        0x080031e1   Thumb Code    38  fpclassifyf.o(i.__ARM_fpclassifyf)
    __mathlib_flt_infnan                     0x08003207   Thumb Code     6  funder.o(i.__mathlib_flt_infnan)
    __mathlib_flt_invalid                    0x0800320d   Thumb Code     8  funder.o(i.__mathlib_flt_invalid)
    __mathlib_flt_underflow                  0x08003215   Thumb Code    10  funder.o(i.__mathlib_flt_underflow)
    __mathlib_rredf2                         0x08003221   Thumb Code   344  rredf.o(i.__mathlib_rredf2)
    __scatterload_copy                       0x08003389   Thumb Code    14  handlers.o(i.__scatterload_copy)
    __scatterload_null                       0x08003397   Thumb Code     2  handlers.o(i.__scatterload_null)
    __scatterload_zeroinit                   0x08003399   Thumb Code    14  handlers.o(i.__scatterload_zeroinit)
    __set_errno                              0x080033a9   Thumb Code     6  errno.o(i.__set_errno)
    cosf                                     0x080033b5   Thumb Code   328  cosf.o(i.cosf)
    tanf                                     0x08003531   Thumb Code   314  tanf.o(i.tanf)
    Region$$Table$$Base                      0x080036c4   Number         0  anon$$obj.o(Region$$Table)
    Region$$Table$$Limit                     0x080036e4   Number         0  anon$$obj.o(Region$$Table)
    SystemCoreClock                          0x20000000   Data           4  system_stm32f10x.o(.data)
    AHBPrescTable                            0x20000004   Data          16  system_stm32f10x.o(.data)
    Mode_Select                              0x20000028   Data           1  main.o(.data)
    SendToFlightFreq                         0x20000030   Data           4  time_2.o(.data)
    SendToFlightFreqflag                     0x20000034   Data           1  time_2.o(.data)
    RecUltraFreq                             0x20000038   Data           4  time_2.o(.data)
    RecUltraFreqflag                         0x2000003c   Data           1  time_2.o(.data)
    RaspberryFreq                            0x20000040   Data           4  time_2.o(.data)
    RaspberryFreqflag                        0x20000044   Data           1  time_2.o(.data)
    Usart1_Dma_SendFlag                      0x20000046   Data           1  usart1.o(.data)
    ReceiveHeight                            0x20000048   Data           2  usart1.o(.data)
    US100buf                                 0x2000004a   Data           2  usart1.o(.data)
    Usart2_Dma_SendFlag                      0x2000004c   Data           1  usart2.o(.data)
    PcLen                                    0x2000004e   Data           2  usart2.o(.data)
    PcFinish                                 0x20000050   Data           1  usart2.o(.data)
    Usart3_Dma_SendFlag                      0x20000052   Data           1  usart3.o(.data)
    RaspberryLen                             0x20000054   Data           2  usart3.o(.data)
    RaspberryFinish                          0x20000056   Data           1  usart3.o(.data)
    US100_Raspberry                          0x20000057   Data           1  usart3.o(.data)
    Sensor_Info                              0x2000005c   Data          16  main.o(.bss)
    US100_Parameter                          0x2000006c   Data          24  simpledigitalfiltering.o(.bss)
    US100_filter_buf                         0x20000084   Data          72  simpledigitalfiltering.o(.bss)
    Usart1SendBuff                           0x200000cc   Data          64  usart1.o(.bss)
    Usart1RecBuff                            0x2000010c   Data          64  usart1.o(.bss)
    Usart2SendBuff                           0x20000160   Data          64  usart2.o(.bss)
    Usart2RecBuff                            0x200001a0   Data          64  usart2.o(.bss)
    PcBuff                                   0x200001e0   Data          64  usart2.o(.bss)
    Usart3SendBuff                           0x20000220   Data          64  usart3.o(.bss)
    Usart3RecBuff                            0x20000260   Data          64  usart3.o(.bss)
    RaspberryBuff                            0x200002a0   Data          64  usart3.o(.bss)
    __initial_sp                             0x200006e0   Data           0  startup_stm32f10x_hd.o(STACK)



==============================================================================

Memory Map of the image

  Image Entry point : 0x08000131

  Load Region LR_IROM1 (Base: 0x08000000, Size: 0x00003740, Max: 0x00060000, ABSOLUTE)

    Execution Region ER_IROM1 (Base: 0x08000000, Size: 0x000036e4, Max: 0x00060000, ABSOLUTE)

    Base Addr    Size         Type   Attr      Idx    E Section Name        Object

    0x08000000   0x00000130   Data   RO            3    RESET               startup_stm32f10x_hd.o
    0x08000130   0x00000000   Code   RO          610  * .ARM.Collect$$$$00000000  mc_w.l(entry.o)
    0x08000130   0x00000004   Code   RO          650    .ARM.Collect$$$$00000001  mc_w.l(entry2.o)
    0x08000134   0x00000004   Code   RO          653    .ARM.Collect$$$$00000004  mc_w.l(entry5.o)
    0x08000138   0x00000000   Code   RO          655    .ARM.Collect$$$$00000008  mc_w.l(entry7b.o)
    0x08000138   0x00000000   Code   RO          657    .ARM.Collect$$$$0000000A  mc_w.l(entry8b.o)
    0x08000138   0x00000008   Code   RO          658    .ARM.Collect$$$$0000000B  mc_w.l(entry9a.o)
    0x08000140   0x00000000   Code   RO          660    .ARM.Collect$$$$0000000D  mc_w.l(entry10a.o)
    0x08000140   0x00000000   Code   RO          662    .ARM.Collect$$$$0000000F  mc_w.l(entry11a.o)
    0x08000140   0x00000004   Code   RO          651    .ARM.Collect$$$$00002712  mc_w.l(entry2.o)
    0x08000144   0x00000024   Code   RO            4    .text               startup_stm32f10x_hd.o
    0x08000168   0x000001e0   Code   RO           24    .text               system_stm32f10x.o
    0x08000348   0x000000dc   Code   RO          121    .text               misc.o
    0x08000424   0x00000254   Code   RO          221    .text               stm32f10x_dma.o
    0x08000678   0x0000035c   Code   RO          269    .text               stm32f10x_gpio.o
    0x080009d4   0x000003a4   Code   RO          317    .text               stm32f10x_rcc.o
    0x08000d78   0x00000e1a   Code   RO          367    .text               stm32f10x_tim.o
    0x08001b92   0x00000002   PAD
    0x08001b94   0x00000408   Code   RO          379    .text               stm32f10x_usart.o
    0x08001f9c   0x0000018c   Code   RO          403    .text               main.o
    0x08002128   0x00000018   Code   RO          456    .text               stm32f10x_it.o
    0x08002140   0x00000310   Code   RO          471    .text               simpledigitalfiltering.o
    0x08002450   0x000000b0   Code   RO          486    .text               delay.o
    0x08002500   0x000000e4   Code   RO          500    .text               time_2.o
    0x080025e4   0x000002b8   Code   RO          518    .text               usart1.o
    0x0800289c   0x00000374   Code   RO          543    .text               usart2.o
    0x08002c10   0x000002c0   Code   RO          567    .text               usart3.o
    0x08002ed0   0x00000024   Code   RO          613    .text               mc_w.l(memcpya.o)
    0x08002ef4   0x000000b0   Code   RO          617    .text               mf_w.l(fadd.o)
    0x08002fa4   0x00000064   Code   RO          619    .text               mf_w.l(fmul.o)
    0x08003008   0x0000007c   Code   RO          621    .text               mf_w.l(fdiv.o)
    0x08003084   0x00000012   Code   RO          623    .text               mf_w.l(fflti.o)
    0x08003096   0x0000000a   Code   RO          625    .text               mf_w.l(ffltui.o)
    0x080030a0   0x00000014   Code   RO          627    .text               mf_w.l(cfcmple.o)
    0x080030b4   0x00000014   Code   RO          629    .text               mf_w.l(cfrcmple.o)
    0x080030c8   0x00000000   Code   RO          671    .text               mc_w.l(iusefp.o)
    0x080030c8   0x0000006e   Code   RO          672    .text               mf_w.l(fepilogue.o)
    0x08003136   0x0000003c   Code   RO          674    .text               mf_w.l(frnd.o)
    0x08003172   0x00000032   Code   RO          676    .text               mf_w.l(ffixi.o)
    0x080031a4   0x00000024   Code   RO          678    .text               mc_w.l(init.o)
    0x080031c8   0x00000018   Code   RO          680    .text               mf_w.l(fscalb.o)
    0x080031e0   0x00000026   Code   RO          631    i.__ARM_fpclassifyf  m_ws.l(fpclassifyf.o)
    0x08003206   0x00000006   Code   RO          634    i.__mathlib_flt_infnan  m_ws.l(funder.o)
    0x0800320c   0x00000008   Code   RO          636    i.__mathlib_flt_invalid  m_ws.l(funder.o)
    0x08003214   0x0000000a   Code   RO          639    i.__mathlib_flt_underflow  m_ws.l(funder.o)
    0x0800321e   0x00000002   PAD
    0x08003220   0x00000168   Code   RO          647    i.__mathlib_rredf2  m_ws.l(rredf.o)
    0x08003388   0x0000000e   Code   RO          684    i.__scatterload_copy  mc_w.l(handlers.o)
    0x08003396   0x00000002   Code   RO          685    i.__scatterload_null  mc_w.l(handlers.o)
    0x08003398   0x0000000e   Code   RO          686    i.__scatterload_zeroinit  mc_w.l(handlers.o)
    0x080033a6   0x00000002   PAD
    0x080033a8   0x0000000c   Code   RO          666    i.__set_errno       mc_w.l(errno.o)
    0x080033b4   0x0000017c   Code   RO          595    i.cosf              m_ws.l(cosf.o)
    0x08003530   0x00000174   Code   RO          603    i.tanf              m_ws.l(tanf.o)
    0x080036a4   0x00000020   Data   RO          648    .constdata          m_ws.l(rredf.o)
    0x080036c4   0x00000020   Data   RO          682    Region$$Table       anon$$obj.o


    Execution Region RW_IRAM1 (Base: 0x20000000, Size: 0x000006e0, Max: 0x00010000, ABSOLUTE)

    Base Addr    Size         Type   Attr      Idx    E Section Name        Object

    0x20000000   0x00000014   Data   RW           25    .data               system_stm32f10x.o
    0x20000014   0x00000014   Data   RW          318    .data               stm32f10x_rcc.o
    0x20000028   0x00000001   Data   RW          405    .data               main.o
    0x20000029   0x00000001   PAD
    0x2000002a   0x00000004   Data   RW          487    .data               delay.o
    0x2000002e   0x00000002   PAD
    0x20000030   0x00000015   Data   RW          501    .data               time_2.o
    0x20000045   0x00000001   PAD
    0x20000046   0x00000006   Data   RW          520    .data               usart1.o
    0x2000004c   0x00000005   Data   RW          545    .data               usart2.o
    0x20000051   0x00000001   PAD
    0x20000052   0x00000006   Data   RW          569    .data               usart3.o
    0x20000058   0x00000004   Data   RW          667    .data               mc_w.l(errno.o)
    0x2000005c   0x00000010   Zero   RW          404    .bss                main.o
    0x2000006c   0x00000060   Zero   RW          472    .bss                simpledigitalfiltering.o
    0x200000cc   0x00000094   Zero   RW          519    .bss                usart1.o
    0x20000160   0x000000c0   Zero   RW          544    .bss                usart2.o
    0x20000220   0x000000c0   Zero   RW          568    .bss                usart3.o
    0x200002e0   0x00000400   Zero   RW            1    STACK               startup_stm32f10x_hd.o


==============================================================================

Image component sizes


      Code (inc. data)   RO Data    RW Data    ZI Data      Debug   Object Name

         0          0          0          0          0       4504   core_cm3.o
       176          8          0          4          0       1015   delay.o
       396         56          0          1         16       2425   main.o
       220         22          0          0          0       1781   misc.o
       784         10          0          0         96       2925   simpledigitalfiltering.o
        36          8        304          0       1024        848   startup_stm32f10x_hd.o
       596          8          0          0          0       4310   stm32f10x_dma.o
       860         38          0          0          0       5621   stm32f10x_gpio.o
        24          0          0          0          0       1190   stm32f10x_it.o
       932         36          0         20          0       8776   stm32f10x_rcc.o
      3610         88          0          0          0      22108   stm32f10x_tim.o
      1032         22          0          0          0       8352   stm32f10x_usart.o
       480         38          0         20          0     259959   system_stm32f10x.o
       228         20          0         21          0       1567   time_2.o
       696         46          0          6        148       2560   usart1.o
       884         40          0          5        192       4053   usart2.o
       704         50          0          6        192       2416   usart3.o

    ----------------------------------------------------------------------
     11660        490        336         88       1668     334410   Object Totals
         0          0         32          0          0          0   (incl. Generated)
         2          0          0          5          0          0   (incl. Padding)

    ----------------------------------------------------------------------

      Code (inc. data)   RO Data    RW Data    ZI Data      Debug   Library Member Name

       380         52          0          0          0        124   cosf.o
        38          0          0          0          0         68   fpclassifyf.o
        24          0          0          0          0        204   funder.o
       360         16         32          0          0         88   rredf.o
       372         58          0          0          0        124   tanf.o
         0          0          0          0          0          0   entry.o
         0          0          0          0          0          0   entry10a.o
         0          0          0          0          0          0   entry11a.o
         8          4          0          0          0          0   entry2.o
         4          0          0          0          0          0   entry5.o
         0          0          0          0          0          0   entry7b.o
         0          0          0          0          0          0   entry8b.o
         8          4          0          0          0          0   entry9a.o
        12          6          0          4          0         68   errno.o
        30          0          0          0          0          0   handlers.o
        36          8          0          0          0         68   init.o
         0          0          0          0          0          0   iusefp.o
        36          0          0          0          0         68   memcpya.o
        20          0          0          0          0         68   cfcmple.o
        20          0          0          0          0         68   cfrcmple.o
       176          0          0          0          0        140   fadd.o
       124          0          0          0          0         88   fdiv.o
       110          0          0          0          0        168   fepilogue.o
        50          0          0          0          0         68   ffixi.o
        18          0          0          0          0         68   fflti.o
        10          0          0          0          0         68   ffltui.o
       100          0          0          0          0         76   fmul.o
        60          0          0          0          0         76   frnd.o
        24          0          0          0          0         68   fscalb.o

    ----------------------------------------------------------------------
      2024        148         32          4          0       1768   Library Totals
         4          0          0          0          0          0   (incl. Padding)

    ----------------------------------------------------------------------

      Code (inc. data)   RO Data    RW Data    ZI Data      Debug   Library Name

      1174        126         32          0          0        608   m_ws.l
       134         22          0          4          0        204   mc_w.l
       712          0          0          0          0        956   mf_w.l

    ----------------------------------------------------------------------
      2024        148         32          4          0       1768   Library Totals

    ----------------------------------------------------------------------

==============================================================================


      Code (inc. data)   RO Data    RW Data    ZI Data      Debug   

     13684        638        368         92       1668     334250   Grand Totals
     13684        638        368         92       1668     334250   ELF Image Totals
     13684        638        368         92          0          0   ROM Totals

==============================================================================

    Total RO  Size (Code + RO Data)                14052 (  13.72kB)
    Total RW  Size (RW Data + ZI Data)              1760 (   1.72kB)
    Total ROM Size (Code + RO Data + RW Data)      14144 (  13.81kB)

==============================================================================

